// Jest Snapshot v1, https://goo.gl/fbAQLP

exports[`Testing the Home component matches snapshot 1`] = `
<DocumentFragment>
  <section
    class="Home"
  >
    <h1>
      Welcome to Jobly
    </h1>
    <p>
      All the jobs in one, convenient place.
    </p>
    <img
      alt=""
      src="jobly.gif"
    />
  </section>
</DocumentFragment>
`;

exports[`Testing the Home component matches snapshot when logged out 1`] = `
<DocumentFragment>
  <section
    class="Home"
  >
    <h1>
      Welcome to Jobly
    </h1>
    <p>
      All the jobs in one, convenient place.
    </p>
    <img
      alt=""
      src="jobly.gif"
    />
  </section>
</DocumentFragment>
`;
